exports[`test Sidebar snapshot test 1`] = `
<Sidebar>
  Testo
</Sidebar>
`;
